filters begin
---tr---
ALPHA
ALPHA
BETA
GAMMA
GAMMA
GAMMA
DELTA
привет мир
abc
123
---uniq---
alpha
beta
gamma
delta
   2 alpha
   1 beta
   3 gamma
   1 delta
alpha
gamma
beta
delta
alpha
beta
gamma
delta
---comm---
apple
		banana
		cherry
date
	elder
	fig
banana
cherry
apple
date
---tail---
8
9
10
8
9
10
10
9
8
8
9
10
8
9
10
10
---look---
apple
company
compare
compiler
complete
computer
год
голова
город
look status 0
---col---
AAA BBB
привет
col: bad option foo
col status 2
col: bad option letter q
col status 2
---od---
00000000 2206255433067454 1004110524646455
00000014 1542016733671154 3102041200000000
00000025
00000000   H   e   l   l   o   ,       B   E   S   M   -
00000014   6       w   o   r   l   d   !  \n  \0  \0  \0
00000025
00000000 110 145 154 154 157 054 040 102 105 123 115 055
00000014 066 040 167 157 162 154 144 041 012 000 000 000
00000025
00000000 2206255433067454 1004110524646455
00000014 1542016733671154 3102041200000000
00000025
---grep---
gamma
gamma
gamma
7
7:delta
35:delta
alpha
alpha
beta
delta
beta
gamma
gamma
gamma
привет мир
привет мир
ALPHA
grep status 1
---fgrep---
gamma
gamma
gamma
7
7:delta
35:delta
beta
beta
delta
привет мир
fgrep status 1
---sort---
apple 10 red
apple 9 red
fig 2 purple
pear 3 green
fig 2 purple
pear 3 green
apple 9 red
apple 10 red
pear 3 green
fig 2 purple
apple 10 red
apple 9 red
alpha
beta
delta
gamma
apple
banana
banana
cherry
cherry
date
elder
fig
root:aQR1E1yZh1bPE:0:1::/:
daemon:x:1:1::/:
sys::2:2::/usr/sys:
bin::3:3::/bin:
uucp::4:4::/usr/lib/uucp:/usr/lib/uucico
guest::7:3::/usr/guest:
apple 10 red
apple 9 red
fig 2 purple
pear 3 green
sort status 0
/tmp/stm*
---sed---
alpha
ALPHA
ALPHA
beta
gamma
gamma
gamma
delta
gamma
gamma
gamma
delta
7
мир привет
привет мир
привет мир
МИР
привет
apple
banana
cherry
date
> banana
> elder
> fig
---pr---
apple
banana
cherry
date




1				    5
2				    6
3				    7
4				    8
9
10


1,5
2,6
3,7
4,8
9,
10,


apple				    banana
banana				    cherry
cherry				    elder
date				    fig




привет мир

---cal---
   September 1752
 S  M Tu  W Th  F  S
       1  2 14 15 16
17 18 19 20 21 22 23
24 25 26 27 28 29 30



   February 2000
 S  M Tu  W Th  F  S
       1  2  3  4  5
 6  7  8  9 10 11 12
13 14 15 16 17 18 19
20 21 22 23 24 25 26
27 28 29

   February 1900
 S  M Tu  W Th  F  S
             1  2  3
 4  5  6  7  8  9 10
11 12 13 14 15 16 17
18 19 20 21 22 23 24
25 26 27 28

---tsort---
main.o
util.o
io.o
привет
мир
---join---
apple 1 red
banana 2 yellow
banana 2 green
apple 1 red
banana 2 yellow
banana 2 green
cherry 3
apple red
banana yellow
banana green
---file---
/bin/cat:	executable not stripped
/bin/sh:	pure executable not stripped
/:	directory
/dev/md0:	block special (0/0)
/dev/console:	character special (0/0)
/etc/passwd:	ascii text
/tmp/a.txt:	ascii text
/tmp/rus.txt:	text
/tmp/nosuch:	cannot stat
---diff---
1d0
< apple
4c3,4
< date
---
> elder
> fig
diff status 1
diff status 0
4c
elder
fig
.
1d
1d0
< apple
4c3,4
< date
---
> elder
> fig
1,$c1,$
< apple
< banana
< cherry
< date
---
> banana
> cherry
> elder
> fig
/tmp/d*
---find---
find -print
/tmp/ftree
/tmp/ftree/one.c
/tmp/ftree/sub
/tmp/ftree/sub/three.c
/tmp/ftree/two.txt
find -name
/tmp/ftree/one.c
/tmp/ftree/sub/three.c
find -type d
/tmp/ftree
/tmp/ftree/sub
find -type f -name
/tmp/ftree/two.txt
find ( -o )
/tmp/ftree/one.c
/tmp/ftree/sub/three.c
/tmp/ftree/two.txt
find ! -type d
/tmp/ftree/one.c
/tmp/ftree/sub/three.c
/tmp/ftree/two.txt
find -size 1
/tmp/ftree/one.c
/tmp/ftree/sub/three.c
/tmp/ftree/two.txt
find -links 1
/tmp/ftree/one.c
/tmp/ftree/sub/three.c
/tmp/ftree/two.txt
find -perm 0600
/tmp/ftree/one.c
find -user root
/tmp/ftree/one.c
/tmp/ftree/sub/three.c
/tmp/ftree/two.txt
find -newer
/tmp/ftree/sub/three.c
find -exec
three
find -cpio
find: bad option -cpio
---c5a---
      7      7      41 /tmp/f.txt
      1      2      20
cmp status 0
/tmp/a.txt /tmp/b.txt differ: char 1, line 1
cmp status 1
02726     3
hello
hello
hello
elppa
ananab
yrrehc
etad
тевирп
alpha
alpha
beta
gamma
gamma
gamma
delta
---pipes---
ALPHA
BETA
GAMMA
DELTA
 2 alpha
 1 beta
 3 gamma
 1 delta
ammag
ammag
ammag
atled
      5
00000000   b   a   n   a   n   a  \n   c   h   e   r   r
00000014   y  \n  \0  \0  \0  \0
00000016
      3
4
5
alpha
beta
delta
gamma
      4
FIG
sort status 0
      2
   January 2026
 S  M Tu  W Th  F  S
             1  2  3
 4  5  6  7  8  9 10
11 12 13 14 15 16 17
18 19 20 21 22 23 24
25 26 27 28 29 30 31


     54
executable not stripped
---end---
