fsck start
---repair---

/dev/rmd1
** Phase 1 - Check Blocks and Sizes
** Phase 2 - Check Pathnames
** Phase 3 - Check Connectivity
** Phase 4 - Check Reference Counts
UNREF FILE  I=7  OWNER=guest MODE=100644
SIZE=365 MTIME=Nov 14 22:13 2023 
RECONNECT?  yes

** Phase 5 - Check Free List 
BAD FREEBLK COUNT
BAD FREE LIST
SALVAGE?  yes

** Phase 6 - Salvage Free List
6 files 18 blocks 5883 free

***** FILE SYSTEM WAS MODIFIED *****
status 0
---again---

/dev/rmd1 (NO WRITE)
** Phase 1 - Check Blocks and Sizes
** Phase 2 - Check Pathnames
** Phase 3 - Check Connectivity
** Phase 4 - Check Reference Counts
** Phase 5 - Check Free List 
6 files 18 blocks 5883 free
status 0
---bad---
Incompatible options: -n and -s
status 8
Can't stat /dev/nosuch
status 0
---end---
fsck.log
