mount start
---bad---
usage: mount [ special directory [ -r ] ]
status 1
usage: umount special
status 1
mount: No such device or address
status 1
mount: Block device required
status 1
mount: No such file or directory
status 1
umount: Invalid argument
status 1
mount: Invalid argument
status 1
mount: I/O error
status 1
---mount---
status 0
/dev/md1 on /mnt
/dev/md1 /mnt
d
lost+found
motd
status 0
/dev/md1 5880
---write---
written through the buffer cache
copy
d
dir
lost+found
motd
hello
/dev/md1 5871
---busy---
mount: Mount device busy
status 1
umount: Mount device busy
status 1
status 0
---ro---
status 0
/dev/md1 on /mnt (read-only)
written through the buffer cache
cp: cannot create /mnt/nope
status 1
copy
d
dir
lost+found
motd
status 0
---both---
status 0
status 0
/dev/md1 on /mnt
/dev/md3 on /usr
/dev/md1 /mnt
/dev/md3 /usr
copy
d
dir
lost+found
motd
d
lost+found
motd
written through the buffer cache
status 0
/usr/d/e
/usr/d
/dev/md3 5880
status 0
/dev/md1 on /mnt
status 0
---icheck---
/dev/rmd1:
files      9 (r=4,d=5,b=0,c=0)
used      27 (i=0,ii=0,d=27)
free    5871
missing    0
status 0
/dev/rmd1:
status 0
/dev/rmd1:
3	/lost+found/.
4	/d/.
6	/motd
8	/copy
9	/dir/.
5	/d/e/.
7	/d/e/f
10	/dir/hello
status 0
---clri---
clearing 7
status 0
/dev/rmd1:
files      8 (r=3,d=5,b=0,c=0)
used      24 (i=0,ii=0,d=24)
free    5871
missing    3
status 0
/dev/rmd1:
     entries  link cnt
7	1	0
status 0
---repair---

/dev/rmd1
** Phase 1 - Check Blocks and Sizes
** Phase 2 - Check Pathnames
UNALLOCATED  I=7  OWNER=root MODE=0
SIZE=0 MTIME=Jan  1 00:00 1970 
NAME=/d/e/f
REMOVE?  yes

** Phase 3 - Check Connectivity
** Phase 4 - Check Reference Counts
FREE INODE COUNT WRONG IN SUPERBLK
FIX?  yes

** Phase 5 - Check Free List 
3 BLK(S) MISSING
BAD FREE LIST
SALVAGE?  yes

** Phase 6 - Salvage Free List
8 files 24 blocks 5874 free

***** FILE SYSTEM WAS MODIFIED *****
status 0
/dev/rmd1:
status 0
/dev/rmd1:
files      8 (r=3,d=5,b=0,c=0)
used      24 (i=0,ii=0,d=24)
free    5874
missing    0
status 0
---free---
/dev/rmd1 5874
---end---
fromdisk
mount.log
