hello
/
[
basename
cal
cat
chgrp
chmod
chown
cmp
col
comm
cp
date
dd
df
diff
dmesg
du
echo
ed
fgrep
file
find
grep
join
kill
less
ln
login
look
ls
mesg
mkdir
more
mv
newgrp
nice
novi
od
passwd
pr
ps
pwd
rev
rm
rmdir
sed
sh
sleep
sort
split
stty
su
sum
sync
tail
tar
tee
test
time
touch
tr
tsort
tty
uniq
vmstat
wc
who
write
yes
/tmp/d
rmdir: cannot remove current directory
rmdir: cannot remove . or ..
rmdir: /tmp not empty
big
d
session.log
