hello
/
[
basename
cat
chgrp
chmod
chown
cmp
col
comm
cp
date
dd
df
du
echo
ed
fgrep
grep
kill
ln
login
look
ls
mkdir
mv
od
pwd
rev
rm
rmdir
sh
sleep
split
sum
sync
tail
tee
test
time
touch
tr
tty
uniq
wc
yes
/tmp/d
rmdir: cannot remove current directory
rmdir: cannot remove . or ..
rmdir: /tmp not empty
big
d
session.log
