hello
/
[
basename
cal
cat
chgrp
chmod
chown
cmp
col
comm
cp
date
dd
df
diff
du
echo
ed
fgrep
file
find
grep
join
kill
ln
login
look
ls
mkdir
mv
od
pr
pwd
rev
rm
rmdir
sed
sh
sleep
sort
split
sum
sync
tail
tee
test
time
touch
tr
tsort
tty
uniq
wc
yes
/tmp/d
rmdir: cannot remove current directory
rmdir: cannot remove . or ..
rmdir: /tmp not empty
big
d
session.log
