tar start
---create---
status 0
tree/big
tree/hardlink linked to tree/one
tree/one
tree/sub/deeper/three
tree/sub/two
tree/привет
---extract---
status 0
/tmp/back
/tmp/back/tree
/tmp/back/tree/big
/tmp/back/tree/hardlink
/tmp/back/tree/one
/tmp/back/tree/sub
/tmp/back/tree/sub/deeper
/tmp/back/tree/sub/deeper/three
/tmp/back/tree/sub/two
/tmp/back/tree/привет
---cmp---
one 0
two 0
three 0
cyr 0
big 0
---mtime---
endmtime
---mtime-m---
/tmp/nom
/tmp/nom/tree
/tmp/nom/tree/big
/tmp/nom/tree/hardlink
/tmp/nom/tree/one
/tmp/nom/tree/sub
/tmp/nom/tree/sub/deeper
/tmp/nom/tree/sub/deeper/three
/tmp/nom/tree/sub/two
/tmp/nom/tree/привет
endmtimem
---link---
tree/hardlink linked to tree/one
---deep---
tar: d/d/d/d/d/d/d/d/d/d/d/d/d: more than 12 directories deep
status 0
---binary---
echo 0
tar 0
---end---
