1-aaaaaaaaaaaaaaaaaaaaaaaaaaaaaaaaaa5-aaaaaaaaaaaaaaaaaaaaaaaaaaaaaaaaaaaaaaaa
2-aaaaaaaaaaaaaaaaaaaaaaaaaaaaaaaaaa6-aaaaaaaaaaaaaaaaaaaaaaaaaaaaaaaaaaaaaaaa
3-aaaaaaaaaaaaaaaaaaaaaaaaaaaaaaaaaa7-aaaaaaaaaaaaaaaaaaaaaaaaaaaaaaaaaaaaaaaa
4-aaaaaaaaaaaaaaaaaaaaaaaaaaaaaaaaaa8-aaaaaaaaaaaaaaaaaaaaaaaaaaaaaaaaaaaaaaaa
