
tcounts.img
** Phase 1 - Check Blocks and Sizes
** Phase 2 - Check Pathnames
** Phase 3 - Check Connectivity
** Phase 4 - Check Reference Counts
FREE INODE COUNT WRONG IN SUPERBLK
FIX?  yes

** Phase 5 - Check Free List 
FREE BLK COUNT WRONG IN SUPERBLK
FIX?  yes

11 files 51 blocks 531 free

***** FILE SYSTEM WAS MODIFIED *****
